Archive member included because of file (symbol)

C:/StellarisWare/IQmath/sourcerygxx-cm3/libIQmathLib-cm3.a(IQNmpy.o)
                              ./main.o (_IQ17mpy)
c:/program files (x86)/codesourcery/sourcery_codebench_lite_for_arm_eabi/bin/../lib/gcc/arm-none-eabi/4.6.3/thumb2\libgcc.a(_arm_muldivsf3.o)
                              ./main.o (__aeabi_fmul)
c:/program files (x86)/codesourcery/sourcery_codebench_lite_for_arm_eabi/bin/../lib/gcc/arm-none-eabi/4.6.3/thumb2\libgcc.a(_arm_fixsfsi.o)
                              ./main.o (__aeabi_f2iz)
c:/program files (x86)/codesourcery/sourcery_codebench_lite_for_arm_eabi/bin/../lib/gcc/arm-none-eabi/4.6.3/../../../../arm-none-eabi/lib/thumb2\libc.a(lib_a-memset.o)
                              ./utils/softuart.o (memset)
c:/program files (x86)/codesourcery/sourcery_codebench_lite_for_arm_eabi/bin/../lib/gcc/arm-none-eabi/4.6.3/../../../../arm-none-eabi/lib/thumb2\libc.a(lib_a-strcmp.o)
                              ./utils/cmdline.o (strcmp)

Allocating common symbols
Common symbol       size              file

l4                  0x4               ./main.o
x                   0x6ac             ./main.o
r05                 0x4               ./main.o
n7                  0x4               ./main.o
n                   0x4               ./main.o
r3                  0x4               ./main.o
num3                0x4               ./main.o
num4                0x4               ./main.o
num6                0x4               ./main.o
l7                  0x4               ./main.o
offsety             0x4               ./driverlib/ELT240320TP.o
n2                  0x4               ./main.o
r07                 0x4               ./main.o
n6                  0x4               ./main.o
r6                  0x4               ./main.o
k                   0x4               ./main.o
r4                  0x4               ./main.o
r04                 0x4               ./main.o
l2                  0x4               ./main.o
font_color          0x4               ./driverlib/ELT240320TP.o
s1                  0x4               ./main.o
num8                0x4               ./main.o
r03                 0x4               ./main.o
i                   0x4               ./main.o
num2                0x4               ./main.o
r08                 0x4               ./main.o
r01                 0x4               ./main.o
r8                  0x4               ./main.o
n1                  0x4               ./main.o
n4                  0x4               ./main.o
l8                  0x4               ./main.o
r02                 0x4               ./main.o
l6                  0x4               ./main.o
char_buf            0x10              ./driverlib/ELT240320TP.o
r7                  0x4               ./main.o
r06                 0x4               ./main.o
l3                  0x4               ./main.o
back_color          0x4               ./driverlib/ELT240320TP.o
l1                  0x4               ./main.o
num1                0x4               ./main.o
offsetx             0x4               ./driverlib/ELT240320TP.o
r2                  0x4               ./main.o
n8                  0x4               ./main.o
num5                0x4               ./main.o
num7                0x4               ./main.o
n5                  0x4               ./main.o
a                   0x4               ./main.o
n3                  0x4               ./main.o
m                   0x4               ./main.o
l5                  0x4               ./main.o
r5                  0x4               ./main.o
r1                  0x4               ./main.o

Discarded input sections

 .text          0x00000000        0x0 c:/program files (x86)/codesourcery/sourcery_codebench_lite_for_arm_eabi/bin/../lib/gcc/arm-none-eabi/4.6.3/thumb2/crti.o
 .data          0x00000000        0x0 c:/program files (x86)/codesourcery/sourcery_codebench_lite_for_arm_eabi/bin/../lib/gcc/arm-none-eabi/4.6.3/thumb2/crti.o
 .bss           0x00000000        0x0 c:/program files (x86)/codesourcery/sourcery_codebench_lite_for_arm_eabi/bin/../lib/gcc/arm-none-eabi/4.6.3/thumb2/crti.o
 .init          0x00000000        0x4 c:/program files (x86)/codesourcery/sourcery_codebench_lite_for_arm_eabi/bin/../lib/gcc/arm-none-eabi/4.6.3/thumb2/crti.o
 .fini          0x00000000        0x4 c:/program files (x86)/codesourcery/sourcery_codebench_lite_for_arm_eabi/bin/../lib/gcc/arm-none-eabi/4.6.3/thumb2/crti.o
 .ARM.attributes
                0x00000000       0x1b c:/program files (x86)/codesourcery/sourcery_codebench_lite_for_arm_eabi/bin/../lib/gcc/arm-none-eabi/4.6.3/thumb2/crti.o
 .text          0x00000000       0x68 c:/program files (x86)/codesourcery/sourcery_codebench_lite_for_arm_eabi/bin/../lib/gcc/arm-none-eabi/4.6.3/thumb2/crtbegin.o
 .data          0x00000000        0x4 c:/program files (x86)/codesourcery/sourcery_codebench_lite_for_arm_eabi/bin/../lib/gcc/arm-none-eabi/4.6.3/thumb2/crtbegin.o
[...]
Memory Configuration

Name             Origin             Length             Attributes
FLASH            0x00000800         0x00007000         xr
SRAM             0x20000000         0x00002000         xrw
*default*        0x00000000         0xffffffff

Linker script and memory map

LOAD c:/program files (x86)/codesourcery/sourcery_codebench_lite_for_arm_eabi/bin/../lib/gcc/arm-none-eabi/4.6.3/thumb2/crti.o
LOAD c:/program files (x86)/codesourcery/sourcery_codebench_lite_for_arm_eabi/bin/../lib/gcc/arm-none-eabi/4.6.3/thumb2/crtbegin.o
LOAD ./utils/cmdline.o
LOAD ./utils/cpu_usage.o
LOAD ./utils/crc.o
LOAD ./utils/flash_pb.o
LOAD ./utils/isqrt.o
LOAD ./utils/ringbuf.o
LOAD ./utils/scheduler.o
LOAD ./utils/sine.o
LOAD ./utils/softi2c.o
LOAD ./utils/softssi.o
LOAD ./utils/softuart.o
LOAD ./utils/uartstdio.o
LOAD ./utils/ustdlib.o
LOAD ./driverlib/ELT240320TP.o
LOAD ./driverlib/adc.o
LOAD ./driverlib/can.o
LOAD ./driverlib/comp.o
LOAD ./driverlib/cpu.o
LOAD ./driverlib/eeprom.o
LOAD ./driverlib/epi.o
LOAD ./driverlib/ethernet.o
LOAD ./driverlib/fan.o
LOAD ./driverlib/flash.o
LOAD ./driverlib/fpu.o
LOAD ./driverlib/gpio.o
LOAD ./driverlib/hibernate.o
LOAD ./driverlib/i2c.o
LOAD ./driverlib/i2s.o
LOAD ./driverlib/interrupt.o
LOAD ./driverlib/lpc.o
LOAD ./driverlib/mpu.o
LOAD ./driverlib/peci.o
LOAD ./driverlib/pwm.o
LOAD ./driverlib/qei.o
LOAD ./driverlib/ssi.o
LOAD ./driverlib/sysctl.o
LOAD ./driverlib/sysexc.o
LOAD ./driverlib/systick.o
LOAD ./driverlib/timer.o
LOAD ./driverlib/uart.o
LOAD ./driverlib/udma.o
LOAD ./driverlib/usb.o
LOAD ./driverlib/watchdog.o
LOAD ./main.o
LOAD ./startup_gcc.o
LOAD C:/StellarisWare/driverlib/gcc-cm3/libdriver-cm3.a
LOAD C:/StellarisWare/IQmath/sourcerygxx-cm3/libIQmathLib-cm3.a
START GROUP
LOAD c:/program files (x86)/codesourcery/sourcery_codebench_lite_for_arm_eabi/bin/../lib/gcc/arm-none-eabi/4.6.3/thumb2\libgcc.a
LOAD c:/program files (x86)/codesourcery/sourcery_codebench_lite_for_arm_eabi/bin/../lib/gcc/arm-none-eabi/4.6.3/../../../../arm-none-eabi/lib/thumb2\libc.a
END GROUP
LOAD c:/program files (x86)/codesourcery/sourcery_codebench_lite_for_arm_eabi/bin/../lib/gcc/arm-none-eabi/4.6.3/thumb2/crtend.o
LOAD c:/program files (x86)/codesourcery/sourcery_codebench_lite_for_arm_eabi/bin/../lib/gcc/arm-none-eabi/4.6.3/thumb2/crtn.o

.text           0x00000800     0x6870
                0x00000800                _text = .
 *(.isr_vector)
 .isr_vector    0x00000800       0xb8 ./startup_gcc.o
                0x00000800                g_pfnVectors
 *(.text*)
 .text.isqrt    0x000008b8       0x88 ./utils/isqrt.o
                0x000008b8                isqrt
 .text.TSLCDPrintStr
                0x00000940       0x7c ./driverlib/ELT240320TP.o
                0x00000940                TSLCDPrintStr
 .text.TSLCDFillRect
                0x000009bc      0x1a0 ./driverlib/ELT240320TP.o
                0x000009bc                TSLCDFillRect
 .text.TSLCDSetFontColor
                0x00000b5c       0x20 ./driverlib/ELT240320TP.o
                0x00000b5c                TSLCDSetFontColor
 .text.buf_read
                0x00000b7c       0x74 ./driverlib/ELT240320TP.o
                0x00000b7c                buf_read
 .text.buf_store
                0x00000bf0       0x74 ./driverlib/ELT240320TP.o
                0x00000bf0                buf_store
 .text.TSLCDCharDisp
                0x00000c64      0x24c ./driverlib/ELT240320TP.o
                0x00000c64                TSLCDCharDisp
 .text.TSLCDOutDat
                0x00000eb0      0x10c ./driverlib/ELT240320TP.o
                0x00000eb0                TSLCDOutDat
 .text.TSLCDOutIns
                0x00000fbc      0x10c ./driverlib/ELT240320TP.o
                0x00000fbc                TSLCDOutIns
 .text.TSLCDInDat
                0x000010c8      0x13c ./driverlib/ELT240320TP.o
                0x000010c8                TSLCDInDat
 .text.TSLCDRst
                0x00001204       0x40 ./driverlib/ELT240320TP.o
                0x00001204                TSLCDRst
 .text.TSLCDInit
                0x00001244      0x388 ./driverlib/ELT240320TP.o
                0x00001244                TSLCDInit
 .text.delay    0x000015cc       0x24 ./driverlib/ELT240320TP.o
                0x000015cc                delay
 .text.ADCIntStatus
                0x000015f0       0x7c ./driverlib/adc.o
                0x000015f0                ADCIntStatus
 .text.ADCIntClear
                0x0000166c       0x28 ./driverlib/adc.o
                0x0000166c                ADCIntClear
 .text.ADCSequenceEnable
                0x00001694       0x28 ./driverlib/adc.o
                0x00001694                ADCSequenceEnable
 .text.ADCSequenceConfigure
                0x000016bc       0x7c ./driverlib/adc.o
                0x000016bc                ADCSequenceConfigure
 .text.ADCSequenceStepConfigure
                0x00001738      0x150 ./driverlib/adc.o
                0x00001738                ADCSequenceStepConfigure
 .text.ADCSequenceDataGet
                0x00001888       0x64 ./driverlib/adc.o
                0x00001888                ADCSequenceDataGet
 .text.ADCProcessorTrigger
                0x000018ec       0x44 ./driverlib/adc.o
                0x000018ec                ADCProcessorTrigger
 .text.CPUcpsie
                0x00001930        0xc ./driverlib/cpu.o
                0x00001930                CPUcpsie
 .text.GPIODirModeSet
                0x0000193c       0x80 ./driverlib/gpio.o
                0x0000193c                GPIODirModeSet
 .text.GPIOPadConfigSet
                0x000019bc      0x20c ./driverlib/gpio.o
                0x000019bc                GPIOPadConfigSet
 .text.GPIOPinRead
                0x00001bc8       0x28 ./driverlib/gpio.o
                0x00001bc8                GPIOPinRead
 .text.GPIOPinTypeGPIOInput
                0x00001bf0       0x34 ./driverlib/gpio.o
                0x00001bf0                GPIOPinTypeGPIOInput
 .text.GPIOPinTypeGPIOOutput
                0x00001c24       0x34 ./driverlib/gpio.o
                0x00001c24                GPIOPinTypeGPIOOutput
 .text.IntMasterEnable
                0x00001c58       0x10 ./driverlib/interrupt.o
                0x00001c58                IntMasterEnable
 .text.SysCtlPeripheralEnable
                0x00001c68       0xb4 ./driverlib/sysctl.o
                0x00001c68                SysCtlPeripheralEnable
 .text.SysCtlDelay
                0x00001d1c        0x8 ./driverlib/sysctl.o
                0x00001d1c                SysCtlDelay
 .text.SysCtlClockSet
                0x00001d24      0x2ac ./driverlib/sysctl.o
                0x00001d24                SysCtlClockSet
 .text.SysCtlClockGet
                0x00001fd0      0x404 ./driverlib/sysctl.o
                0x00001fd0                SysCtlClockGet
 .text.main     0x000023d4     0x1350 ./main.o
                0x000023d4                main
 .text.ResetISR
                0x00003724       0x6c ./startup_gcc.o
                0x00003724                ResetISR
 .text.NmiSR    0x00003790        0x8 ./startup_gcc.o
 .text.FaultISR
                0x00003798        0x8 ./startup_gcc.o
 .text.IntDefaultHandler
                0x000037a0        0x8 ./startup_gcc.o
 .text._IQ17mpy
                0x000037a8       0x10 C:/StellarisWare/IQmath/sourcerygxx-cm3/libIQmathLib-cm3.a(IQNmpy.o)
                0x000037a8                _IQ17mpy
 .text          0x000037b8      0x2a0 c:/program files (x86)/codesourcery/sourcery_codebench_lite_for_arm_eabi/bin/../lib/gcc/arm-none-eabi/4.6.3/thumb2\libgcc.a(_arm_muldivsf3.o)
                0x000037b8                __mulsf3
                0x000037b8                __aeabi_fmul
                0x00003920                __aeabi_fdiv
                0x00003920                __divsf3
 .text          0x00003a58       0x4c c:/program files (x86)/codesourcery/sourcery_codebench_lite_for_arm_eabi/bin/../lib/gcc/arm-none-eabi/4.6.3/thumb2\libgcc.a(_arm_fixsfsi.o)
                0x00003a58                __aeabi_f2iz
                0x00003a58                __fixsfsi
 *(.rodata*)
 .rodata        0x00003aa4      0xb00 ./driverlib/ELT240320TP.o
                0x00003aa4                font
 .rodata        0x000045a4      0x1cc ./driverlib/sysctl.o
 .rodata        0x00004770     0x2900 ./main.o
                0x00004770                b1
                0x00004e1c                b2
                0x000054c8                b3
                0x00005b74                b4
                0x00006220                b5
                0x000068cc                b8
                0x00007070                _etext = .

.glue_7         0x00007070        0x0
 .glue_7        0x00000000        0x0 linker stubs

.glue_7t        0x00007070        0x0
 .glue_7t       0x00000000        0x0 linker stubs

.vfp11_veneer   0x00007070        0x0
 .vfp11_veneer  0x00000000        0x0 linker stubs

.v4_bx          0x00007070        0x0
 .v4_bx         0x00000000        0x0 linker stubs

.iplt           0x00007070        0x0
 .iplt          0x00000000        0x0 c:/program files (x86)/codesourcery/sourcery_codebench_lite_for_arm_eabi/bin/../lib/gcc/arm-none-eabi/4.6.3/thumb2/crtbegin.o

.rel.dyn        0x00007070        0x0
 .rel.iplt      0x00000000        0x0 c:/program files (x86)/codesourcery/sourcery_codebench_lite_for_arm_eabi/bin/../lib/gcc/arm-none-eabi/4.6.3/thumb2/crtbegin.o

.data           0x20000000      0xd64 load address 0x00007070
                0x20000000                _data = .
 *(vtable)
 *(.data*)
 .data          0x20000000        0x8 ./driverlib/ELT240320TP.o
                0x20000000                ts_margin_xr
                0x20000004                ts_margin_yl
 .data          0x20000008      0xd5c ./main.o
                0x20000008                b6
                0x200006b4                b7
                0x20000d60                g_count
                0x20000d64                _edata = .

.igot.plt       0x20000d64        0x0 load address 0x00007dd4
 .igot.plt      0x00000000        0x0 c:/program files (x86)/codesourcery/sourcery_codebench_lite_for_arm_eabi/bin/../lib/gcc/arm-none-eabi/4.6.3/thumb2/crtbegin.o

.bss            0x20000d64      0x8c0 load address 0x00007dd4
                0x20000d64                _bss = .
 *(.bss*)
 .bss           0x20000d64        0x8 ./driverlib/ELT240320TP.o
                0x20000d64                ts_margin_xl
                0x20000d68                ts_margin_yu
 .bss           0x20000d6c       0x34 ./main.o
                0x20000d6c                a1
                0x20000d70                count
                0x20000d74                j1
                0x20000d78                y
                0x20000d7c                j
                0x20000d80                sum1
                0x20000d84                sum2
                0x20000d88                sum3
                0x20000d8c                sum4
                0x20000d90                sum5
                0x20000d94                sum6
                0x20000d98                sum7
                0x20000d9c                sum8
 .bss           0x20000da0      0x100 ./startup_gcc.o
 *(COMMON)
 COMMON         0x20000ea0       0x20 ./driverlib/ELT240320TP.o
                0x20000ea0                offsety
                0x20000ea4                font_color
                0x20000ea8                char_buf
                0x20000eb8                back_color
                0x20000ebc                offsetx
 COMMON         0x20000ec0      0x764 ./main.o
                0x20000ec0                l4
                0x20000ec4                x
                0x20001570                r05
                0x20001574                n7
                0x20001578                n
                0x2000157c                r3
                0x20001580                num3
                0x20001584                num4
                0x20001588                num6
                0x2000158c                l7
                0x20001590                n2
                0x20001594                r07
                0x20001598                n6
                0x2000159c                r6
                0x200015a0                k
                0x200015a4                r4
                0x200015a8                r04
                0x200015ac                l2
                0x200015b0                s1
                0x200015b4                num8
                0x200015b8                r03
                0x200015bc                i
                0x200015c0                num2
                0x200015c4                r08
                0x200015c8                r01
                0x200015cc                r8
                0x200015d0                n1
                0x200015d4                n4
                0x200015d8                l8
                0x200015dc                r02
                0x200015e0                l6
                0x200015e4                r7
                0x200015e8                r06
                0x200015ec                l3
                0x200015f0                l1
                0x200015f4                num1
                0x200015f8                r2
                0x200015fc                n8
                0x20001600                num5
                0x20001604                num7
                0x20001608                n5
                0x2000160c                a
                0x20001610                n3
                0x20001614                m
                0x20001618                l5
                0x2000161c                r5
                0x20001620                r1
                0x20001624                _ebss = .
OUTPUT(filters.elf elf32-littlearm)

.debug_info     0x00000000     0x32af
 .debug_info    0x00000000       0x87 ./utils/isqrt.o
 .debug_info    0x00000087      0x7df ./driverlib/ELT240320TP.o
 .debug_info    0x00000866      0x93f ./driverlib/adc.o
 .debug_info    0x000011a5      0x114 ./driverlib/cpu.o
 .debug_info    0x000012b9      0xafa ./driverlib/gpio.o
 .debug_info    0x00001db3      0x3fb ./driverlib/interrupt.o
 .debug_info    0x000021ae      0x96f ./driverlib/sysctl.o
 .debug_info    0x00002b1d      0x5e4 ./main.o
 .debug_info    0x00003101      0x12b ./startup_gcc.o
 .debug_info    0x0000322c       0x83 C:/StellarisWare/IQmath/sourcerygxx-cm3/libIQmathLib-cm3.a(IQNmpy.o)

.debug_abbrev   0x00000000      0x7f0
 .debug_abbrev  0x00000000       0x58 ./utils/isqrt.o
 .debug_abbrev  0x00000058      0x189 ./driverlib/ELT240320TP.o
 .debug_abbrev  0x000001e1       0xec ./driverlib/adc.o
 .debug_abbrev  0x000002cd       0xaa ./driverlib/cpu.o
 .debug_abbrev  0x00000377       0xda ./driverlib/gpio.o
 .debug_abbrev  0x00000451       0xf5 ./driverlib/interrupt.o
 .debug_abbrev  0x00000546      0x115 ./driverlib/sysctl.o
 .debug_abbrev  0x0000065b       0xdc ./main.o
 .debug_abbrev  0x00000737       0xa7 ./startup_gcc.o
 .debug_abbrev  0x000007de       0x12 C:/StellarisWare/IQmath/sourcerygxx-cm3/libIQmathLib-cm3.a(IQNmpy.o)

.debug_loc      0x00000000     0x2376
 .debug_loc     0x00000000       0x38 ./utils/isqrt.o
 .debug_loc     0x00000038      0x43e ./driverlib/ELT240320TP.o
 .debug_loc     0x00000476      0x738 ./driverlib/adc.o
 .debug_loc     0x00000bae      0x968 ./driverlib/gpio.o
 .debug_loc     0x00001516      0x350 ./driverlib/interrupt.o
 .debug_loc     0x00001866      0xa1c ./driverlib/sysctl.o
 .debug_loc     0x00002282       0x38 ./main.o
 .debug_loc     0x000022ba       0xbc ./startup_gcc.o

.debug_aranges  0x00000000      0x750
 .debug_aranges
                0x00000000       0x20 ./utils/isqrt.o
 .debug_aranges
                0x00000020       0xb8 ./driverlib/ELT240320TP.o
 .debug_aranges
                0x000000d8      0x120 ./driverlib/adc.o
 .debug_aranges
                0x000001f8       0x48 ./driverlib/cpu.o
 .debug_aranges
                0x00000240      0x170 ./driverlib/gpio.o
 .debug_aranges
                0x000003b0       0x98 ./driverlib/interrupt.o
 .debug_aranges
                0x00000448      0x1a8 ./driverlib/sysctl.o
 .debug_aranges
                0x000005f0       0x20 ./main.o
 .debug_aranges
                0x00000610       0x38 ./startup_gcc.o
 .debug_aranges
                0x00000648      0x108 C:/StellarisWare/IQmath/sourcerygxx-cm3/libIQmathLib-cm3.a(IQNmpy.o)

.debug_ranges   0x00000000      0x6b8
 .debug_ranges  0x00000000       0x10 ./utils/isqrt.o
 .debug_ranges  0x00000010       0xa8 ./driverlib/ELT240320TP.o
 .debug_ranges  0x000000b8      0x110 ./driverlib/adc.o
 .debug_ranges  0x000001c8       0x38 ./driverlib/cpu.o
 .debug_ranges  0x00000200      0x160 ./driverlib/gpio.o
 .debug_ranges  0x00000360       0x88 ./driverlib/interrupt.o
 .debug_ranges  0x000003e8      0x198 ./driverlib/sysctl.o
 .debug_ranges  0x00000580       0x10 ./main.o
 .debug_ranges  0x00000590       0x28 ./startup_gcc.o
 .debug_ranges  0x000005b8      0x100 C:/StellarisWare/IQmath/sourcerygxx-cm3/libIQmathLib-cm3.a(IQNmpy.o)

.debug_line     0x00000000     0x223b
 .debug_line    0x00000000       0x72 ./utils/isqrt.o
 .debug_line    0x00000072      0x487 ./driverlib/ELT240320TP.o
 .debug_line    0x000004f9      0x43a ./driverlib/adc.o
 .debug_line    0x00000933       0xc5 ./driverlib/cpu.o
 .debug_line    0x000009f8      0x664 ./driverlib/gpio.o
 .debug_line    0x0000105c      0x238 ./driverlib/interrupt.o
 .debug_line    0x00001294      0x676 ./driverlib/sysctl.o
 .debug_line    0x0000190a      0x633 ./main.o
 .debug_line    0x00001f3d       0x8d ./startup_gcc.o
 .debug_line    0x00001fca      0x271 C:/StellarisWare/IQmath/sourcerygxx-cm3/libIQmathLib-cm3.a(IQNmpy.o)

.debug_macinfo  0x00000000    0x91ae6
 .debug_macinfo
                0x00000000     0x2293 ./utils/isqrt.o
 .debug_macinfo
                0x00002293    0x123f9 ./driverlib/ELT240320TP.o
 .debug_macinfo
                0x0001468c    0x199d0 ./driverlib/adc.o
 .debug_macinfo
                0x0002e05c     0x2291 ./driverlib/cpu.o
 .debug_macinfo
                0x000302ed    0x1442d ./driverlib/gpio.o
 .debug_macinfo
                0x0004471a     0xb044 ./driverlib/interrupt.o
 .debug_macinfo
                0x0004f75e    0x1db76 ./driverlib/sysctl.o
 .debug_macinfo
                0x0006d2d4    0x22592 ./main.o
 .debug_macinfo
                0x0008f866     0x2280 ./startup_gcc.o

.debug_str      0x00000000     0x1262
 .debug_str     0x00000000       0x4c ./utils/isqrt.o
                                 0x5e (size before relaxing)
 .debug_str     0x0000004c      0x255 ./driverlib/ELT240320TP.o
                                0x28b (size before relaxing)
 .debug_str     0x000002a1      0x3ad ./driverlib/adc.o
                                0x408 (size before relaxing)
 .debug_str     0x0000064e       0x74 ./driverlib/cpu.o
                                 0x92 (size before relaxing)
 .debug_str     0x000006c2      0x3b5 ./driverlib/gpio.o
                                0x429 (size before relaxing)
 .debug_str     0x00000a77      0x184 ./driverlib/interrupt.o
                                0x224 (size before relaxing)
 .debug_str     0x00000bfb      0x535 ./driverlib/sysctl.o
                                0x59b (size before relaxing)
 .debug_str     0x00001130       0xd0 ./main.o
                                0x16e (size before relaxing)
 .debug_str     0x00001200       0x62 ./startup_gcc.o
                                 0xc8 (size before relaxing)

.comment        0x00000000       0x30
 .comment       0x00000000       0x30 ./utils/isqrt.o
                                 0x31 (size before relaxing)
 .comment       0x00000000       0x31 ./driverlib/ELT240320TP.o
 .comment       0x00000000       0x31 ./driverlib/adc.o
 .comment       0x00000000       0x31 ./driverlib/cpu.o
 .comment       0x00000000       0x31 ./driverlib/gpio.o
 .comment       0x00000000       0x31 ./driverlib/interrupt.o
 .comment       0x00000000       0x31 ./driverlib/sysctl.o
 .comment       0x00000000       0x31 ./main.o
 .comment       0x00000000       0x31 ./startup_gcc.o

.ARM.attributes
                0x00000000       0x27
 .ARM.attributes
                0x00000000       0x33 ./utils/isqrt.o
 .ARM.attributes
                0x00000033       0x33 ./driverlib/ELT240320TP.o
 .ARM.attributes
                0x00000066       0x33 ./driverlib/adc.o
 .ARM.attributes
                0x00000099       0x33 ./driverlib/cpu.o
 .ARM.attributes
                0x000000cc       0x33 ./driverlib/gpio.o
 .ARM.attributes
                0x000000ff       0x33 ./driverlib/interrupt.o
 .ARM.attributes
                0x00000132       0x33 ./driverlib/sysctl.o
 .ARM.attributes
                0x00000165       0x33 ./main.o
 .ARM.attributes
                0x00000198       0x33 ./startup_gcc.o
 .ARM.attributes
                0x000001cb       0x21 C:/StellarisWare/IQmath/sourcerygxx-cm3/libIQmathLib-cm3.a(IQNmpy.o)
 .ARM.attributes
                0x000001ec       0x1b c:/program files (x86)/codesourcery/sourcery_codebench_lite_for_arm_eabi/bin/../lib/gcc/arm-none-eabi/4.6.3/thumb2\libgcc.a(_arm_muldivsf3.o)
 .ARM.attributes
                0x00000207       0x1b c:/program files (x86)/codesourcery/sourcery_codebench_lite_for_arm_eabi/bin/../lib/gcc/arm-none-eabi/4.6.3/thumb2\libgcc.a(_arm_fixsfsi.o)

.debug_frame    0x00000000     0x13ec
 .debug_frame   0x00000000       0x2c ./utils/isqrt.o
 .debug_frame   0x0000002c      0x258 ./driverlib/ELT240320TP.o
 .debug_frame   0x00000284      0x3b8 ./driverlib/adc.o
 .debug_frame   0x0000063c       0x70 ./driverlib/cpu.o
 .debug_frame   0x000006ac      0x528 ./driverlib/gpio.o
 .debug_frame   0x00000bd4      0x1d4 ./driverlib/interrupt.o
 .debug_frame   0x00000da8      0x590 ./driverlib/sysctl.o
 .debug_frame   0x00001338       0x30 ./main.o
 .debug_frame   0x00001368       0x84 ./startup_gcc.o
